2026-09-04 21:11:07 Loaded main app package /usr/lib/obsidian/obsidian.asar
2026-09-04 21:11:07 Checking for update using Github
2026-09-04 21:11:07 Success.
2026-09-04 21:11:07 Latest version is 1.13.7
2026-09-04 21:11:07 App is up to date.
2026-09-04 21:11:24 Loaded main app package /usr/lib/obsidian/obsidian.asar
2026-09-04 21:11:24 Checking for update using Github
2026-09-04 21:11:24 Success.
2026-09-04 21:11:24 Latest version is 1.13.7
2026-09-04 21:11:24 App is up to date.
2026-09-04 22:11:24 Checking for update using Github
2026-09-04 22:11:24 Success.
2026-09-04 22:11:24 Latest version is 1.13.7
2026-09-04 22:11:24 App is up to date.
2026-09-04 23:11:24 Checking for update using Github
2026-09-04 23:11:24 Success.
2026-09-04 23:11:24 Latest version is 1.13.7
2026-09-04 23:11:24 App is up to date.
2026-09-05 00:11:24 Checking for update using Github
2026-09-05 00:11:24 Success.
2026-09-05 00:11:24 Latest version is 1.13.7
2026-09-05 00:11:24 App is up to date.
2026-09-05 00:55:34 Loaded main app package /usr/lib/obsidian/obsidian.asar
2026-09-05 00:55:34 Checking for update using Github
2026-09-05 00:55:34 Success.
2026-09-05 00:55:34 Latest version is 1.13.7
2026-09-05 00:55:34 App is up to date.
2026-09-05 10:44:29 Loaded main app package /usr/lib/obsidian/obsidian.asar
2026-09-05 10:44:29 Checking for update using Github
2026-09-05 10:44:29 Success.
2026-09-05 10:44:29 Latest version is 1.13.7
2026-09-05 10:44:29 App is up to date.
2026-09-06 12:53:25 Loaded main app package /usr/lib/obsidian/obsidian.asar
2026-09-06 12:53:25 Checking for update using Github
2026-09-06 12:53:25 Success.
2026-09-06 12:53:25 Latest version is 1.13.7
2026-09-06 12:53:25 App is up to date.
2026-09-06 20:53:03 Loaded main app package /usr/lib/obsidian/obsidian.asar
2026-09-06 20:53:03 Checking for update using Github
2026-09-06 20:53:03 Success.
2026-09-06 20:53:03 Latest version is 1.13.7
2026-09-06 20:53:03 App is up to date.
2026-09-06 21:07:01 Loaded main app package /usr/lib/obsidian/obsidian.asar
2026-09-06 21:07:01 Checking for update using Github
2026-09-06 21:07:01 Success.
2026-09-06 21:07:01 Latest version is 1.13.7
2026-09-06 21:07:01 App is up to date.
2026-09-06 22:20:06 Loaded main app package /usr/lib/obsidian/obsidian.asar
2026-09-06 22:20:06 Checking for update using Github
2026-09-06 22:20:06 Success.
2026-09-06 22:20:06 Latest version is 1.13.7
2026-09-06 22:20:06 App is up to date.
2026-09-06 22:20:37 Loaded main app package /usr/lib/obsidian/obsidian.asar
2026-09-07 19:57:57 Loaded main app package /usr/lib/obsidian/obsidian.asar
2026-09-07 19:57:57 Checking for update using Github
2026-09-07 19:57:57 Success.
2026-09-07 19:57:57 Latest version is 1.13.7
2026-09-07 19:57:57 App is up to date.
2026-09-07 20:57:57 Checking for update using Github
2026-09-07 20:57:57 Success.
2026-09-07 20:57:57 Latest version is 1.13.7
2026-09-07 20:57:57 App is up to date.
2026-09-08 18:42:50 Loaded main app package /usr/lib/obsidian/obsidian.asar
2026-09-08 18:42:50 Checking for update using Github
2026-09-08 18:42:50 Success.
2026-09-08 18:42:50 Latest version is 1.13.7
2026-09-08 18:42:50 App is up to date.
2026-09-08 19:42:49 Checking for update using Github
2026-09-08 19:42:49 Success.
2026-09-08 19:42:49 Latest version is 1.13.7
2026-09-08 19:42:49 App is up to date.
2026-09-08 21:04:10 Loaded main app package /usr/lib/obsidian/obsidian.asar
2026-09-08 21:04:10 Checking for update using Github
2026-09-08 21:04:10 Success.
2026-09-08 21:04:10 Latest version is 1.13.7
2026-09-08 21:04:10 App is up to date.
2026-09-09 20:58:37 Loaded main app package /usr/lib/obsidian/obsidian.asar
2026-09-09 20:58:37 Checking for update using Github
2026-09-09 20:58:37 Success.
2026-09-09 20:58:37 Latest version is 1.13.7
2026-09-09 20:58:37 App is up to date.
2026-09-13 20:25:56 Loaded main app package /usr/lib/obsidian/obsidian.asar
2026-09-13 20:25:56 Checking for update using Github
2026-09-13 20:25:56 Success.
2026-09-13 20:25:56 Latest version is 1.13.7
2026-09-13 20:25:56 App is up to date.
2026-09-17 19:34:49 Loaded main app package /usr/lib/obsidian/obsidian.asar
2026-09-17 19:34:49 Checking for update using Github
2026-09-17 19:34:49 Success.
2026-09-17 19:34:49 Latest version is 1.13.7
2026-09-17 19:34:49 App is up to date.
2026-09-17 20:34:49 Checking for update using Github
2026-09-17 20:34:49 Success.
2026-09-17 20:34:49 Latest version is 1.13.7
2026-09-17 20:34:49 App is up to date.
2026-09-18 21:06:46 Loaded main app package /usr/lib/obsidian/obsidian.asar
2026-09-18 21:06:46 Checking for update using Github
2026-09-18 21:06:47 Success.
2026-09-18 21:06:47 Latest version is 1.13.7
2026-09-18 21:06:47 App is up to date.
2026-09-20 19:51:54 Loaded main app package /usr/lib/obsidian/obsidian.asar
2026-09-20 19:51:54 Checking for update using Github
2026-09-20 19:51:54 Success.
2026-09-20 19:51:54 Latest version is 1.13.7
2026-09-20 19:51:54 App is up to date.
